tgmiles@tgMilesPC:/mnt/c/Users/TgMiles/Documents/GitHub/IH-labs$ echo 'Hello World'
Hello World
tgmiles@tgMilesPC:/mnt/c/Users/TgMiles/Documents/GitHub/IH-labs$ mkdir new_dir
tgmiles@tgMilesPC:/mnt/c/Users/TgMiles/Documents/GitHub/IH-labs$ rmdir new_dir
tgmiles@tgMilesPC:/mnt/c/Users/TgMiles/Documents/GitHub/IH-labs$ ls
lab-bash
tgmiles@tgMilesPC:/mnt/c/Users/TgMiles/Documents/GitHub/IH-labs$ cd lab-bash/
tgmiles@tgMilesPC:/mnt/c/Users/TgMiles/Documents/GitHub/IH-labs/lab-bash$ ls
exercices  inputs  lorem  lorem-copy  outputs  readme.md
tgmiles@tgMilesPC:/mnt/c/Users/TgMiles/Documents/GitHub/IH-labs/lab-bash$ cd lorem
tgmiles@tgMilesPC:/mnt/c/Users/TgMiles/Documents/GitHub/IH-labs/lab-bash/lorem$ cp sed.txt ../lorem-copy
tgmiles@tgMilesPC:/mnt/c/Users/TgMiles/Documents/GitHub/IH-labs/lab-bash/lorem$ cd ..
tgmiles@tgMilesPC:/mnt/c/Users/TgMiles/Documents/GitHub/IH-labs/lab-bash$ ls
exercices  inputs  lorem  lorem-copy  outputs  readme.md
tgmiles@tgMilesPC:/mnt/c/Users/TgMiles/Documents/GitHub/IH-labs/lab-bash$ cd lorem
tgmiles@tgMilesPC:/mnt/c/Users/TgMiles/Documents/GitHub/IH-labs/lab-bash/lorem$ type
tgmiles@tgMilesPC:/mnt/c/Users/TgMiles/Documents/GitHub/IH-labs/lab-bash/lorem$ ls
at.txt  at.txte  lorem.txt  sed.txt
tgmiles@tgMilesPC:/mnt/c/Users/TgMiles/Documents/GitHub/IH-labs/lab-bash/lorem$ type sed.txt
-bash: type: sed.txt: not found
tgmiles@tgMilesPC:/mnt/c/Users/TgMiles/Documents/GitHub/IH-labs/lab-bash/lorem$ echo sed.txt
sed.txt
tgmiles@tgMilesPC:/mnt/c/Users/TgMiles/Documents/GitHub/IH-labs/lab-bash/lorem$ cat sed.txt
Sed ut perspiciatis unde omnis iste natus error sit voluptatem accusantium doloremque laudantium,
totam rem aperiam, eaque ipsa quae ab illo inventore veritatis et quasi architecto beatae vitae dicta sunt explicabo.
Nemo enim ipsam voluptatem quia voluptas sit aspernatur aut odit aut fugit,
sed quia consequuntur magni dolores eos qui ratione voluptatem sequi nesciunt.
Neque porro quisquam est, qui dolorem ipsum quia dolor sit amet, consectetur, adipisci velit,
sed quia non numquam eius modi tempora incidunt ut labore et dolore magnam aliquam quaerat voluptatem.
Ut enim ad minima veniam, quis nostrum exercitationem ullam corporis suscipit laboriosam,
nisi ut aliquid ex ea commodi consequatur? Quis autem vel eum iure reprehenderit qui in ea voluptate velit esse quam nihil molestiae consequatur,
vel illum qui dolorem eum fugiat quo voluptas nulla pariatur?Homo homini lupus
tgmiles@tgMilesPC:/mnt/c/Users/TgMiles/Documents/GitHub/IH-labs/lab-bash/lorem$ cd ..
tgmiles@tgMilesPC:/mnt/c/Users/TgMiles/Documents/GitHub/IH-labs/lab-bash$ cd lorem-copy/
tgmiles@tgMilesPC:/mnt/c/Users/TgMiles/Documents/GitHub/IH-labs/lab-bash/lorem-copy$ ls
dummy_file.txt  sed.txt
tgmiles@tgMilesPC:/mnt/c/Users/TgMiles/Documents/GitHub/IH-labs/lab-bash/lorem-copy$ cd ..
tgmiles@tgMilesPC:/mnt/c/Users/TgMiles/Documents/GitHub/IH-labs/lab-bash$ cd lorem
tgmiles@tgMilesPC:/mnt/c/Users/TgMiles/Documents/GitHub/IH-labs/lab-bash/lorem$ ls
at.txt  at.txte  lorem.txt  sed.txt
tgmiles@tgMilesPC:/mnt/c/Users/TgMiles/Documents/GitHub/IH-labs/lab-bash/lorem$ copy . ../lorem-copy

Command 'copy' not found, did you mean:

  command 'rcopy' from deb rdmacm-utils (28.0-1ubuntu1)
  command 'copyq' from deb copyq (3.10.0-1)
  command 'fcopy' from deb fai-client (5.3.6ubuntu1)
  command 'mcopy' from deb mtools (4.0.24-1)
  command 'hcopy' from deb hfsutils (3.2.6-14)
  command 'bcopy' from deb bacula-sd (9.4.2-2ubuntu5)
  command 'ropy' from deb libdisorder-tools (0.0.2+git20130809.8062ee1-1)

Try: sudo apt install <deb name>

tgmiles@tgMilesPC:/mnt/c/Users/TgMiles/Documents/GitHub/IH-labs/lab-bash/lorem$ cp . ../lorem-copy
cp: -r not specified; omitting directory '.'
tgmiles@tgMilesPC:/mnt/c/Users/TgMiles/Documents/GitHub/IH-labs/lab-bash/lorem$ cp  ../lorem-copy
cp: missing destination file operand after '../lorem-copy'
Try 'cp --help' for more information.
tgmiles@tgMilesPC:/mnt/c/Users/TgMiles/Documents/GitHub/IH-labs/lab-bash/lorem$ cp . ../lorem-copy
cp: -r not specified; omitting directory '.'
tgmiles@tgMilesPC:/mnt/c/Users/TgMiles/Documents/GitHub/IH-labs/lab-bash/lorem$ cp / ../lorem-copy
cp: -r not specified; omitting directory '/'
tgmiles@tgMilesPC:/mnt/c/Users/TgMiles/Documents/GitHub/IH-labs/lab-bash/lorem$ cp /. ../lorem-copy
cp: -r not specified; omitting directory '/.'
tgmiles@tgMilesPC:/mnt/c/Users/TgMiles/Documents/GitHub/IH-labs/lab-bash/lorem$ cp * ../lorem-copy
tgmiles@tgMilesPC:/mnt/c/Users/TgMiles/Documents/GitHub/IH-labs/lab-bash/lorem$ cd ..
tgmiles@tgMilesPC:/mnt/c/Users/TgMiles/Documents/GitHub/IH-labs/lab-bash$ cd lorem-copy/
tgmiles@tgMilesPC:/mnt/c/Users/TgMiles/Documents/GitHub/IH-labs/lab-bash/lorem-copy$ ls
at.txt  at.txte  dummy_file.txt  lorem.txt  sed.txt
tgmiles@tgMilesPC:/mnt/c/Users/TgMiles/Documents/GitHub/IH-labs/lab-bash/lorem-copy$ cd ..
tgmiles@tgMilesPC:/mnt/c/Users/TgMiles/Documents/GitHub/IH-labs/lab-bash$ cd lorem
tgmiles@tgMilesPC:/mnt/c/Users/TgMiles/Documents/GitHub/IH-labs/lab-bash/lorem$ cp at.xt ../lorem-copy; cp lorem.txt ../lorem-copy
cp: cannot stat 'at.xt': No such file or directory
tgmiles@tgMilesPC:/mnt/c/Users/TgMiles/Documents/GitHub/IH-labs/lab-bash/lorem$ cp at.txt ../lorem-copy; cp lorem.txt ..
/lorem-copy
tgmiles@tgMilesPC:/mnt/c/Users/TgMiles/Documents/GitHub/IH-labs/lab-bash/lorem$ cd ..
tgmiles@tgMilesPC:/mnt/c/Users/TgMiles/Documents/GitHub/IH-labs/lab-bash$ ls
exercices  inputs  lorem  lorem-copy  outputs  readme.md
tgmiles@tgMilesPC:/mnt/c/Users/TgMiles/Documents/GitHub/IH-labs/lab-bash$ cd lorem-copy
tgmiles@tgMilesPC:/mnt/c/Users/TgMiles/Documents/GitHub/IH-labs/lab-bash/lorem-copy$ ls
at.txt  at.txte  dummy_file.txt  lorem.txt  sed.txt
tgmiles@tgMilesPC:/mnt/c/Users/TgMiles/Documents/GitHub/IH-labs/lab-bash/lorem-copy$ cat sed.txt
Sed ut perspiciatis unde omnis iste natus error sit voluptatem accusantium doloremque laudantium,
totam rem aperiam, eaque ipsa quae ab illo inventore veritatis et quasi architecto beatae vitae dicta sunt explicabo.
Nemo enim ipsam voluptatem quia voluptas sit aspernatur aut odit aut fugit,
sed quia consequuntur magni dolores eos qui ratione voluptatem sequi nesciunt.
Neque porro quisquam est, qui dolorem ipsum quia dolor sit amet, consectetur, adipisci velit,
sed quia non numquam eius modi tempora incidunt ut labore et dolore magnam aliquam quaerat voluptatem.
Ut enim ad minima veniam, quis nostrum exercitationem ullam corporis suscipit laboriosam,
nisi ut aliquid ex ea commodi consequatur? Quis autem vel eum iure reprehenderit qui in ea voluptate velit esse quam nihil molestiae consequatur,
vel illum qui dolorem eum fugiat quo voluptas nulla pariatur?Homo homini lupus
tgmiles@tgMilesPC:/mnt/c/Users/TgMiles/Documents/GitHub/IH-labs/lab-bash/lorem-copy$ cat at.txt
At vero eos ET accusamus ET iusto odio dignissimos ducimus qui blanditiis praesentium voluptatum
deleniti atque corrupti quos dolores ET quas molestias excepturi sint occaecati cupiditate non
provident, similique sunt in culpa qui officia deserunt mollitia animi, id est laborum ET dolorum fuga.
Et harum quidem rerum facilis est ET expedita distinctio.
Nam libero tempore, cum soluta nobis est eligendi optio cumque nihil impedit quo minus id quod
maxime placeat facere possimus, omnis voluptas assumenda est, omnis dolor repellendus.
Temporibus autem quibusdam ET aut officiis debitis aut rerum necessitatibus saepe eveniET
ut ET voluptates repudiandae sint ET molestiae non recusandae.
Itaque earum rerum hic tenETur a sapiente delectus, ut aut reiciendis voluptatibus maiores
alias consequatur aut perferendis doloribus asperiores repellat
tgmiles@tgMilesPC:/mnt/c/Users/TgMiles/Documents/GitHub/IH-labs/lab-bash/lorem-copy$ cat lorem.txt
Lorem ipsum dolor sit amet, consectetur adipiscing elit, sed do eiusmod tempor incididunt ut labore et dolore magna aliqua.
Ut enim ad minim veniam, quis nostrud exercitation ullamco laboris nisi ut aliquip ex ea commodo consequat.
Duis aute irure dolor in reprehenderit in voluptate velit esse cillum dolore eu fugiat nulla pariatur.
Excepteur sint occaecat cupidatat non proident, sunt in culpa qui officia deserunt mollit anim id est laborum.tgmiles@tgMilesPC:/mnt/c/Users/TgMiles/Documents/GitHub/IH-labs/lab-bash/lorem-copy$ cat -help
cat: invalid option -- 'h'
Try 'cat --help' for more information.
tgmiles@tgMilesPC:/mnt/c/Users/TgMiles/Documents/GitHub/IH-labs/lab-bash/lorem-copy$ cat -h
cat: invalid option -- 'h'
Try 'cat --help' for more information.
tgmiles@tgMilesPC:/mnt/c/Users/TgMiles/Documents/GitHub/IH-labs/lab-bash/lorem-copy$ cat --h
Usage: cat [OPTION]... [FILE]...
Concatenate FILE(s) to standard output.

With no FILE, or when FILE is -, read standard input.

  -A, --show-all           equivalent to -vET
  -b, --number-nonblank    number nonempty output lines, overrides -n
  -e                       equivalent to -vE
  -E, --show-ends          display $ at end of each line
  -n, --number             number all output lines
  -s, --squeeze-blank      suppress repeated empty output lines
  -t                       equivalent to -vT
  -T, --show-tabs          display TAB characters as ^I
  -u                       (ignored)
  -v, --show-nonprinting   use ^ and M- notation, except for LFD and TAB
      --help     display this help and exit
      --version  output version information and exit

Examples:
  cat f - g  Output f's contents, then standard input, then g's contents.
  cat        Copy standard input to standard output.

GNU coreutils online help: <https://www.gnu.org/software/coreutils/>
Report cat translation bugs to <https://translationproject.org/team/>
Full documentation at: <https://www.gnu.org/software/coreutils/cat>
or available locally via: info '(coreutils) cat invocation'
tgmiles@tgMilesPC:/mnt/c/Users/TgMiles/Documents/GitHub/IH-labs/lab-bash/lorem-copy$ cat -b 3
cat: 3: No such file or directory
tgmiles@tgMilesPC:/mnt/c/Users/TgMiles/Documents/GitHub/IH-labs/lab-bash/lorem-copy$ cat sed.txt -b 3
     1  Sed ut perspiciatis unde omnis iste natus error sit voluptatem accusantium doloremque laudantium,
     2  totam rem aperiam, eaque ipsa quae ab illo inventore veritatis et quasi architecto beatae vitae dicta sunt explicabo.
     3  Nemo enim ipsam voluptatem quia voluptas sit aspernatur aut odit aut fugit,
     4  sed quia consequuntur magni dolores eos qui ratione voluptatem sequi nesciunt.
     5  Neque porro quisquam est, qui dolorem ipsum quia dolor sit amet, consectetur, adipisci velit,
     6  sed quia non numquam eius modi tempora incidunt ut labore et dolore magnam aliquam quaerat voluptatem.
     7  Ut enim ad minima veniam, quis nostrum exercitationem ullam corporis suscipit laboriosam,
     8  nisi ut aliquid ex ea commodi consequatur? Quis autem vel eum iure reprehenderit qui in ea voluptate velit esse quam nihil molestiae consequatur,
     9  vel illum qui dolorem eum fugiat quo voluptas nulla pariatur?Homo homini lupus
cat: 3: No such file or directory
tgmiles@tgMilesPC:/mnt/c/Users/TgMiles/Documents/GitHub/IH-labs/lab-bash/lorem-copy$ cat sed.txt
Sed ut perspiciatis unde omnis iste natus error sit voluptatem accusantium doloremque laudantium,
totam rem aperiam, eaque ipsa quae ab illo inventore veritatis et quasi architecto beatae vitae dicta sunt explicabo.
Nemo enim ipsam voluptatem quia voluptas sit aspernatur aut odit aut fugit,
sed quia consequuntur magni dolores eos qui ratione voluptatem sequi nesciunt.
Neque porro quisquam est, qui dolorem ipsum quia dolor sit amet, consectetur, adipisci velit,
sed quia non numquam eius modi tempora incidunt ut labore et dolore magnam aliquam quaerat voluptatem.
Ut enim ad minima veniam, quis nostrum exercitationem ullam corporis suscipit laboriosam,
nisi ut aliquid ex ea commodi consequatur? Quis autem vel eum iure reprehenderit qui in ea voluptate velit esse quam nihil molestiae consequatur,
vel illum qui dolorem eum fugiat quo voluptas nulla pariatur?Homo homini lupus
tgmiles@tgMilesPC:/mnt/c/Users/TgMiles/Documents/GitHub/IH-labs/lab-bash/lorem-copy$ head
head -sed.txt
head -sed.txt
^C
tgmiles@tgMilesPC:/mnt/c/Users/TgMiles/Documents/GitHub/IH-labs/lab-bash/lorem-copy$ ^C
tgmiles@tgMilesPC:/mnt/c/Users/TgMiles/Documents/GitHub/IH-labs/lab-bash/lorem-copy$ head sed.txt
Sed ut perspiciatis unde omnis iste natus error sit voluptatem accusantium doloremque laudantium,
totam rem aperiam, eaque ipsa quae ab illo inventore veritatis et quasi architecto beatae vitae dicta sunt explicabo.
Nemo enim ipsam voluptatem quia voluptas sit aspernatur aut odit aut fugit,
sed quia consequuntur magni dolores eos qui ratione voluptatem sequi nesciunt.
Neque porro quisquam est, qui dolorem ipsum quia dolor sit amet, consectetur, adipisci velit,
sed quia non numquam eius modi tempora incidunt ut labore et dolore magnam aliquam quaerat voluptatem.
Ut enim ad minima veniam, quis nostrum exercitationem ullam corporis suscipit laboriosam,
nisi ut aliquid ex ea commodi consequatur? Quis autem vel eum iure reprehenderit qui in ea voluptate velit esse quam nihil molestiae consequatur,
vel illum qui dolorem eum fugiat quo voluptas nulla pariatur?Homo homini lupus
tgmiles@tgMilesPC:/mnt/c/Users/TgMiles/Documents/GitHub/IH-labs/lab-bash/lorem-copy$ head -3 sed.txt
Sed ut perspiciatis unde omnis iste natus error sit voluptatem accusantium doloremque laudantium,
totam rem aperiam, eaque ipsa quae ab illo inventore veritatis et quasi architecto beatae vitae dicta sunt explicabo.
Nemo enim ipsam voluptatem quia voluptas sit aspernatur aut odit aut fugit,
tgmiles@tgMilesPC:/mnt/c/Users/TgMiles/Documents/GitHub/IH-labs/lab-bash/lorem-copy$ head --h
Usage: head [OPTION]... [FILE]...
Print the first 10 lines of each FILE to standard output.
With more than one FILE, precede each with a header giving the file name.

With no FILE, or when FILE is -, read standard input.

Mandatory arguments to long options are mandatory for short options too.
  -c, --bytes=[-]NUM       print the first NUM bytes of each file;
                             with the leading '-', print all but the last
                             NUM bytes of each file
  -n, --lines=[-]NUM       print the first NUM lines instead of the first 10;
                             with the leading '-', print all but the last
                             NUM lines of each file
  -q, --quiet, --silent    never print headers giving file names
  -v, --verbose            always print headers giving file names
  -z, --zero-terminated    line delimiter is NUL, not newline
      --help     display this help and exit
      --version  output version information and exit

NUM may have a multiplier suffix:
b 512, kB 1000, K 1024, MB 1000*1000, M 1024*1024,
GB 1000*1000*1000, G 1024*1024*1024, and so on for T, P, E, Z, Y.

GNU coreutils online help: <https://www.gnu.org/software/coreutils/>
Report head translation bugs to <https://translationproject.org/team/>
Full documentation at: <https://www.gnu.org/software/coreutils/head>
or available locally via: info '(coreutils) head invocation'
tgmiles@tgMilesPC:/mnt/c/Users/TgMiles/Documents/GitHub/IH-labs/lab-bash/lorem-copy$ head 3 sed.txt
head: cannot open '3' for reading: No such file or directory
==> sed.txt <==
Sed ut perspiciatis unde omnis iste natus error sit voluptatem accusantium doloremque laudantium,
totam rem aperiam, eaque ipsa quae ab illo inventore veritatis et quasi architecto beatae vitae dicta sunt explicabo.
Nemo enim ipsam voluptatem quia voluptas sit aspernatur aut odit aut fugit,
sed quia consequuntur magni dolores eos qui ratione voluptatem sequi nesciunt.
Neque porro quisquam est, qui dolorem ipsum quia dolor sit amet, consectetur, adipisci velit,
sed quia non numquam eius modi tempora incidunt ut labore et dolore magnam aliquam quaerat voluptatem.
Ut enim ad minima veniam, quis nostrum exercitationem ullam corporis suscipit laboriosam,
nisi ut aliquid ex ea commodi consequatur? Quis autem vel eum iure reprehenderit qui in ea voluptate velit esse quam nihil molestiae consequatur,
vel illum qui dolorem eum fugiat quo voluptas nulla pariatur?Homo homini lupus
tgmiles@tgMilesPC:/mnt/c/Users/TgMiles/Documents/GitHub/IH-labs/lab-bash/lorem-copy$ head -3 sed.txt
Sed ut perspiciatis unde omnis iste natus error sit voluptatem accusantium doloremque laudantium,
totam rem aperiam, eaque ipsa quae ab illo inventore veritatis et quasi architecto beatae vitae dicta sunt explicabo.
Nemo enim ipsam voluptatem quia voluptas sit aspernatur aut odit aut fugit,
tgmiles@tgMilesPC:/mnt/c/Users/TgMiles/Documents/GitHub/IH-labs/lab-bash/lorem-copy$ head --3 sed.txt
head: unrecognized option '--3'
Try 'head --help' for more information.
tgmiles@tgMilesPC:/mnt/c/Users/TgMiles/Documents/GitHub/IH-labs/lab-bash/lorem-copy$ head -n 3 sed.txt
Sed ut perspiciatis unde omnis iste natus error sit voluptatem accusantium doloremque laudantium,
totam rem aperiam, eaque ipsa quae ab illo inventore veritatis et quasi architecto beatae vitae dicta sunt explicabo.
Nemo enim ipsam voluptatem quia voluptas sit aspernatur aut odit aut fugit,
tgmiles@tgMilesPC:/mnt/c/Users/TgMiles/Documents/GitHub/IH-labs/lab-bash/lorem-copy$ head -n -3 sed.txt
Sed ut perspiciatis unde omnis iste natus error sit voluptatem accusantium doloremque laudantium,
totam rem aperiam, eaque ipsa quae ab illo inventore veritatis et quasi architecto beatae vitae dicta sunt explicabo.
Nemo enim ipsam voluptatem quia voluptas sit aspernatur aut odit aut fugit,
sed quia consequuntur magni dolores eos qui ratione voluptatem sequi nesciunt.
Neque porro quisquam est, qui dolorem ipsum quia dolor sit amet, consectetur, adipisci velit,
sed quia non numquam eius modi tempora incidunt ut labore et dolore magnam aliquam quaerat voluptatem.
tgmiles@tgMilesPC:/mnt/c/Users/TgMiles/Documents/GitHub/IH-labs/lab-bash/lorem-copy$ head -n 3 sed.txt
Sed ut perspiciatis unde omnis iste natus error sit voluptatem accusantium doloremque laudantium,
totam rem aperiam, eaque ipsa quae ab illo inventore veritatis et quasi architecto beatae vitae dicta sunt explicabo.
Nemo enim ipsam voluptatem quia voluptas sit aspernatur aut odit aut fugit,
tgmiles@tgMilesPC:/mnt/c/Users/TgMiles/Documents/GitHub/IH-labs/lab-bash/lorem-copy$ tail -3 sed.txt
Ut enim ad minima veniam, quis nostrum exercitationem ullam corporis suscipit laboriosam,
nisi ut aliquid ex ea commodi consequatur? Quis autem vel eum iure reprehenderit qui in ea voluptate velit esse quam nihil molestiae consequatur,
vel illum qui dolorem eum fugiat quo voluptas nulla pariatur?Homo homini lupus
tgmiles@tgMilesPC:/mnt/c/Users/TgMiles/Documents/GitHub/IH-labs/lab-bash/lorem-copy$ echo "Homo homini lupus" >> sed.txt
tgmiles@tgMilesPC:/mnt/c/Users/TgMiles/Documents/GitHub/IH-labs/lab-bash/lorem-copy$ head sed.txt
Sed ut perspiciatis unde omnis iste natus error sit voluptatem accusantium doloremque laudantium,
totam rem aperiam, eaque ipsa quae ab illo inventore veritatis et quasi architecto beatae vitae dicta sunt explicabo.
Nemo enim ipsam voluptatem quia voluptas sit aspernatur aut odit aut fugit,
sed quia consequuntur magni dolores eos qui ratione voluptatem sequi nesciunt.
Neque porro quisquam est, qui dolorem ipsum quia dolor sit amet, consectetur, adipisci velit,
sed quia non numquam eius modi tempora incidunt ut labore et dolore magnam aliquam quaerat voluptatem.
Ut enim ad minima veniam, quis nostrum exercitationem ullam corporis suscipit laboriosam,
nisi ut aliquid ex ea commodi consequatur? Quis autem vel eum iure reprehenderit qui in ea voluptate velit esse quam nihil molestiae consequatur,
vel illum qui dolorem eum fugiat quo voluptas nulla pariatur?Homo homini lupus
Homo homini lupus
tgmiles@tgMilesPC:/mnt/c/Users/TgMiles/Documents/GitHub/IH-labs/lab-bash/lorem-copy$ tail -3 sed.txt
nisi ut aliquid ex ea commodi consequatur? Quis autem vel eum iure reprehenderit qui in ea voluptate velit esse quam nihil molestiae consequatur,
vel illum qui dolorem eum fugiat quo voluptas nulla pariatur?Homo homini lupus
Homo homini lupus
tgmiles@tgMilesPC:/mnt/c/Users/TgMiles/Documents/GitHub/IH-labs/lab-bash/lorem-copy$ cd ..
tgmiles@tgMilesPC:/mnt/c/Users/TgMiles/Documents/GitHub/IH-labs/lab-bash$ cd lorem
tgmiles@tgMilesPC:/mnt/c/Users/TgMiles/Documents/GitHub/IH-labs/lab-bash/lorem$ sed -h
sed: invalid option -- 'h'
Usage: sed [OPTION]... {script-only-if-no-other-script} [input-file]...

  -n, --quiet, --silent
                 suppress automatic printing of pattern space
      --debug
                 annotate program execution
  -e script, --expression=script
                 add the script to the commands to be executed
  -f script-file, --file=script-file
                 add the contents of script-file to the commands to be executed
  --follow-symlinks
                 follow symlinks when processing in place
  -i[SUFFIX], --in-place[=SUFFIX]
                 edit files in place (makes backup if SUFFIX supplied)
  -l N, --line-length=N
                 specify the desired line-wrap length for the `l' command
  --posix
                 disable all GNU extensions.
  -E, -r, --regexp-extended
                 use extended regular expressions in the script
                 (for portability use POSIX -E).
  -s, --separate
                 consider files as separate rather than as a single,
                 continuous long stream.
      --sandbox
                 operate in sandbox mode (disable e/r/w commands).
  -u, --unbuffered
                 load minimal amounts of data from the input files and flush
                 the output buffers more often
  -z, --null-data
                 separate lines by NUL characters
      --help     display this help and exit
      --version  output version information and exit

If no -e, --expression, -f, or --file option is given, then the first
non-option argument is taken as the sed script to interpret.  All
remaining arguments are names of input files; if no input files are
specified, then the standard input is read.

GNU sed home page: <https://www.gnu.org/software/sed/>.
General help using GNU software: <https://www.gnu.org/gethelp/>.
tgmiles@tgMilesPC:/mnt/c/Users/TgMiles/Documents/GitHub/IH-labs/lab-bash/lorem$ sed --h
Usage: sed [OPTION]... {script-only-if-no-other-script} [input-file]...

  -n, --quiet, --silent
                 suppress automatic printing of pattern space
      --debug
                 annotate program execution
  -e script, --expression=script
                 add the script to the commands to be executed
  -f script-file, --file=script-file
                 add the contents of script-file to the commands to be executed
  --follow-symlinks
                 follow symlinks when processing in place
  -i[SUFFIX], --in-place[=SUFFIX]
                 edit files in place (makes backup if SUFFIX supplied)
  -l N, --line-length=N
                 specify the desired line-wrap length for the `l' command
  --posix
                 disable all GNU extensions.
  -E, -r, --regexp-extended
                 use extended regular expressions in the script
                 (for portability use POSIX -E).
  -s, --separate
                 consider files as separate rather than as a single,
                 continuous long stream.
      --sandbox
                 operate in sandbox mode (disable e/r/w commands).
  -u, --unbuffered
                 load minimal amounts of data from the input files and flush
                 the output buffers more often
  -z, --null-data
                 separate lines by NUL characters
      --help     display this help and exit
      --version  output version information and exit

If no -e, --expression, -f, or --file option is given, then the first
non-option argument is taken as the sed script to interpret.  All
remaining arguments are names of input files; if no input files are
specified, then the standard input is read.

GNU sed home page: <https://www.gnu.org/software/sed/>.
General help using GNU software: <https://www.gnu.org/gethelp/>.
E-mail bug reports to: <bug-sed@gnu.org>.
tgmiles@tgMilesPC:/mnt/c/Users/TgMiles/Documents/GitHub/IH-labs/lab-bash/lorem$ sed et ET at.txt
sed: can't read ET: No such file or directory
sh: 1: t: not found
At vero eos ET accusamus ET iusto odio dignissimos ducimus qui blanditiis praesentium voluptatum
sh: 1: t: not found
deleniti atque corrupti quos dolores ET quas molestias excepturi sint occaecati cupiditate non
sh: 1: t: not found
provident, similique sunt in culpa qui officia deserunt mollitia animi, id est laborum ET dolorum fuga.
sh: 1: t: not found
Et harum quidem rerum facilis est ET expedita distinctio.
sh: 1: t: not found
Nam libero tempore, cum soluta nobis est eligendi optio cumque nihil impedit quo minus id quod
sh: 1: t: not found
maxime placeat facere possimus, omnis voluptas assumenda est, omnis dolor repellendus.
sh: 1: t: not found
Temporibus autem quibusdam ET aut officiis debitis aut rerum necessitatibus saepe eveniET
sh: 1: t: not found
ut ET voluptates repudiandae sint ET molestiae non recusandae.
sh: 1: t: not found
Itaque earum rerum hic tenETur a sapiente delectus, ut aut reiciendis voluptatibus maiores
sh: 1: t: not found
alias consequatur aut perferendis doloribus asperiores repellat
tgmiles@tgMilesPC:/mnt/c/Users/TgMiles/Documents/GitHub/IH-labs/lab-bash/lorem$ sed -i 's/ex/EX/g' at.txt
tgmiles@tgMilesPC:/mnt/c/Users/TgMiles/Documents/GitHub/IH-labs/lab-bash/lorem$ head at.txt
At vero eos ET accusamus ET iusto odio dignissimos ducimus qui blanditiis praesentium voluptatum
deleniti atque corrupti quos dolores ET quas molestias EXcepturi sint occaecati cupiditate non
provident, similique sunt in culpa qui officia deserunt mollitia animi, id est laborum ET dolorum fuga.
Et harum quidem rerum facilis est ET EXpedita distinctio.
Nam libero tempore, cum soluta nobis est eligendi optio cumque nihil impedit quo minus id quod
maxime placeat facere possimus, omnis voluptas assumenda est, omnis dolor repellendus.
Temporibus autem quibusdam ET aut officiis debitis aut rerum necessitatibus saepe eveniET
ut ET voluptates repudiandae sint ET molestiae non recusandae.
Itaque earum rerum hic tenETur a sapiente delectus, ut aut reiciendis voluptatibus maiores
alias consequatur aut perferendis doloribus asperiores repellat
tgmiles@tgMilesPC:/mnt/c/Users/TgMiles/Documents/GitHub/IH-labs/lab-bash/lorem$ sed -i 's/ET/et/g' at.txt
tgmiles@tgMilesPC:/mnt/c/Users/TgMiles/Documents/GitHub/IH-labs/lab-bash/lorem$ head at.txt
At vero eos et accusamus et iusto odio dignissimos ducimus qui blanditiis praesentium voluptatum
deleniti atque corrupti quos dolores et quas molestias EXcepturi sint occaecati cupiditate non
provident, similique sunt in culpa qui officia deserunt mollitia animi, id est laborum et dolorum fuga.
Et harum quidem rerum facilis est et EXpedita distinctio.
Nam libero tempore, cum soluta nobis est eligendi optio cumque nihil impedit quo minus id quod
maxime placeat facere possimus, omnis voluptas assumenda est, omnis dolor repellendus.
Temporibus autem quibusdam et aut officiis debitis aut rerum necessitatibus saepe eveniet
ut et voluptates repudiandae sint et molestiae non recusandae.
Itaque earum rerum hic tenetur a sapiente delectus, ut aut reiciendis voluptatibus maiores
alias consequatur aut perferendis doloribus asperiores repellat
tgmiles@tgMilesPC:/mnt/c/Users/TgMiles/Documents/GitHub/IH-labs/lab-bash/lorem$ cat at.txt
At vero eos et accusamus et iusto odio dignissimos ducimus qui blanditiis praesentium voluptatum
deleniti atque corrupti quos dolores et quas molestias EXcepturi sint occaecati cupiditate non
provident, similique sunt in culpa qui officia deserunt mollitia animi, id est laborum et dolorum fuga.
Et harum quidem rerum facilis est et EXpedita distinctio.
Nam libero tempore, cum soluta nobis est eligendi optio cumque nihil impedit quo minus id quod
maxime placeat facere possimus, omnis voluptas assumenda est, omnis dolor repellendus.
Temporibus autem quibusdam et aut officiis debitis aut rerum necessitatibus saepe eveniet
ut et voluptates repudiandae sint et molestiae non recusandae.
Itaque earum rerum hic tenetur a sapiente delectus, ut aut reiciendis voluptatibus maiores
alias consequatur aut perferendis doloribus asperiores repellat
tgmiles@tgMilesPC:/mnt/c/Users/TgMiles/Documents/GitHub/IH-labs/lab-bash/lorem$ whoami
tgmiles
tgmiles@tgMilesPC:/mnt/c/Users/TgMiles/Documents/GitHub/IH-labs/lab-bash/lorem$ pwd
/mnt/c/Users/TgMiles/Documents/GitHub/IH-labs/lab-bash/lorem
tgmiles@tgMilesPC:/mnt/c/Users/TgMiles/Documents/GitHub/IH-labs/lab-bash/lorem$ ls *.txt
at.txt  lorem.txt  sed.txt
tgmiles@tgMilesPC:/mnt/c/Users/TgMiles/Documents/GitHub/IH-labs/lab-bash/lorem$ find *.txt
at.txt
lorem.txt
sed.txt
tgmiles@tgMilesPC:/mnt/c/Users/TgMiles/Documents/GitHub/IH-labs/lab-bash/lorem$ cat --h
Usage: cat [OPTION]... [FILE]...
Concatenate FILE(s) to standard output.

With no FILE, or when FILE is -, read standard input.

  -A, --show-all           equivalent to -vET
  -b, --number-nonblank    number nonempty output lines, overrides -n
  -e                       equivalent to -vE
  -E, --show-ends          display $ at end of each line
  -n, --number             number all output lines
  -s, --squeeze-blank      suppress repeated empty output lines
  -t                       equivalent to -vT
  -T, --show-tabs          display TAB characters as ^I
  -u                       (ignored)
  -v, --show-nonprinting   use ^ and M- notation, except for LFD and TAB
      --help     display this help and exit
      --version  output version information and exit

Examples:
  cat f - g  Output f's contents, then standard input, then g's contents.
  cat        Copy standard input to standard output.

GNU coreutils online help: <https://www.gnu.org/software/coreutils/>
Report cat translation bugs to <https://translationproject.org/team/>
Full documentation at: <https://www.gnu.org/software/coreutils/cat>
or available locally via: info '(coreutils) cat invocation'
tgmiles@tgMilesPC:/mnt/c/Users/TgMiles/Documents/GitHub/IH-labs/lab-bash/lorem$ cat -n sed.txt
     1  Sed ut perspiciatis unde omnis iste natus error sit voluptatem accusantium doloremque laudantium,
     2  totam rem aperiam, eaque ipsa quae ab illo inventore veritatis et quasi architecto beatae vitae dicta sunt explicabo.
     3  Nemo enim ipsam voluptatem quia voluptas sit aspernatur aut odit aut fugit,
     4  sed quia consequuntur magni dolores eos qui ratione voluptatem sequi nesciunt.
     5  Neque porro quisquam est, qui dolorem ipsum quia dolor sit amet, consectetur, adipisci velit,
     6  sed quia non numquam eius modi tempora incidunt ut labore et dolore magnam aliquam quaerat voluptatem.
     7  Ut enim ad minima veniam, quis nostrum exercitationem ullam corporis suscipit laboriosam,
     8  nisi ut aliquid ex ea commodi consequatur? Quis autem vel eum iure reprehenderit qui in ea voluptate velit esse quam nihil molestiae consequatur,
     9  vel illum qui dolorem eum fugiat quo voluptas nulla pariatur?Homo homini lupus
tgmiles@tgMilesPC:/mnt/c/Users/TgMiles/Documents/GitHub/IH-labs/lab-bash/lorem$ cat sed.txt | wc
      9     131     900
tgmiles@tgMilesPC:/mnt/c/Users/TgMiles/Documents/GitHub/IH-labs/lab-bash/lorem$ cd ..
tgmiles@tgMilesPC:/mnt/c/Users/TgMiles/Documents/GitHub/IH-labs/lab-bash$ ls
exercices  inputs  lorem  lorem-copy  outputs  readme.md
tgmiles@tgMilesPC:/mnt/c/Users/TgMiles/Documents/GitHub/IH-labs/lab-bash$ ls
exercices  inputs  lorem  lorem-copy  outputs  readme.md
tgmiles@tgMilesPC:/mnt/c/Users/TgMiles/Documents/GitHub/IH-labs/lab-bash$ ls | wc -l
6
tgmiles@tgMilesPC:/mnt/c/Users/TgMiles/Documents/GitHub/IH-labs/lab-bash$ ls -r lorem | wc -l
4
tgmiles@tgMilesPC:/mnt/c/Users/TgMiles/Documents/GitHub/IH-labs/lab-bash$ ls -r lorem | wc
      4       4      33
tgmiles@tgMilesPC:/mnt/c/Users/TgMiles/Documents/GitHub/IH-labs/lab-bash$ ls -r lorem | wc -l
4
tgmiles@tgMilesPC:/mnt/c/Users/TgMiles/Documents/GitHub/IH-labs/lab-bash$ read name
Sebastian
tgmiles@tgMilesPC:/mnt/c/Users/TgMiles/Documents/GitHub/IH-labs/lab-bash$ echo name
name
tgmiles@tgMilesPC:/mnt/c/Users/TgMiles/Documents/GitHub/IH-labs/lab-bash$ print name
Error: no such file "name"
tgmiles@tgMilesPC:/mnt/c/Users/TgMiles/Documents/GitHub/IH-labs/lab-bash$ ls -rR lorem | wc -l
5
tgmiles@tgMilesPC:/mnt/c/Users/TgMiles/Documents/GitHub/IH-labs/lab-bash$ ls -lR lorem | wc -l
6
tgmiles@tgMilesPC:/mnt/c/Users/TgMiles/Documents/GitHub/IH-labs/lab-bash$ ls -lR lorem | wc
      6      39     233
tgmiles@tgMilesPC:/mnt/c/Users/TgMiles/Documents/GitHub/IH-labs/lab-bash$ ls -lR | grep ^d | wc -l
5
tgmiles@tgMilesPC:/mnt/c/Users/TgMiles/Documents/GitHub/IH-labs/lab-bash$ ls
exercices  inputs  lorem  lorem-copy  outputs  readme.md
tgmiles@tgMilesPC:/mnt/c/Users/TgMiles/Documents/GitHub/IH-labs/lab-bash$ cd lorem
tgmiles@tgMilesPC:/mnt/c/Users/TgMiles/Documents/GitHub/IH-labs/lab-bash/lorem$ ls
at.txt  at.txte  lorem.txt  sed.txt
tgmiles@tgMilesPC:/mnt/c/Users/TgMiles/Documents/GitHub/IH-labs/lab-bash/lorem$ cd ..
tgmiles@tgMilesPC:/mnt/c/Users/TgMiles/Documents/GitHub/IH-labs/lab-bash$ cd outputs/
tgmiles@tgMilesPC:/mnt/c/Users/TgMiles/Documents/GitHub/IH-labs/lab-bash/outputs$ ls
tgmiles@tgMilesPC:/mnt/c/Users/TgMiles/Documents/GitHub/IH-labs/lab-bash/outputs$ cd ..
tgmiles@tgMilesPC:/mnt/c/Users/TgMiles/Documents/GitHub/IH-labs/lab-bash$ cd inputs/
tgmiles@tgMilesPC:/mnt/c/Users/TgMiles/Documents/GitHub/IH-labs/lab-bash/inputs$ ls
tgmiles@tgMilesPC:/mnt/c/Users/TgMiles/Documents/GitHub/IH-labs/lab-bash/inputs$ cd ..
tgmiles@tgMilesPC:/mnt/c/Users/TgMiles/Documents/GitHub/IH-labs/lab-bash$ ls lorem -l | wc-1
wc-1: command not found
tgmiles@tgMilesPC:/mnt/c/Users/TgMiles/Documents/GitHub/IH-labs/lab-bash$ ls lorem -l | wc -1
wc: invalid option -- '1'
Try 'wc --help' for more information.
tgmiles@tgMilesPC:/mnt/c/Users/TgMiles/Documents/GitHub/IH-labs/lab-bash$ ls lorem -l | wc -l
5
tgmiles@tgMilesPC:/mnt/c/Users/TgMiles/Documents/GitHub/IH-labs/lab-bash$ find lorem -type f | wc -l
4
tgmiles@tgMilesPC:/mnt/c/Users/TgMiles/Documents/GitHub/IH-labs/lab-bash$ ls
exercices  inputs  lorem  lorem-copy  outputs  readme.md
tgmiles@tgMilesPC:/mnt/c/Users/TgMiles/Documents/GitHub/IH-labs/lab-bash$ find lorem -type f
lorem/at.txt
lorem/at.txte
lorem/lorem.txt
lorem/sed.txt
tgmiles@tgMilesPC:/mnt/c/Users/TgMiles/Documents/GitHub/IH-labs/lab-bash$ find lorem* -type f
lorem/at.txt
lorem/at.txte
lorem/lorem.txt
lorem/sed.txt
lorem-copy/.DS_Store
lorem-copy/.gitkeep
lorem-copy/at.txt
lorem-copy/at.txte
lorem-copy/dummy_file.txt
lorem-copy/lorem.txt
lorem-copy/sed.txt
tgmiles@tgMilesPC:/mnt/c/Users/TgMiles/Documents/GitHub/IH-labs/lab-bash$ find . -type f -name lorem
tgmiles@tgMilesPC:/mnt/c/Users/TgMiles/Documents/GitHub/IH-labs/lab-bash$ find . -type f -name lorem*
find: paths must precede expression: `lorem-copy'
find: possible unquoted pattern after predicate `-name'?
tgmiles@tgMilesPC:/mnt/c/Users/TgMiles/Documents/GitHub/IH-labs/lab-bash$ find . -type f -name lorem.txt
./lorem/lorem.txt
./lorem-copy/lorem.txt
tgmiles@tgMilesPC:/mnt/c/Users/TgMiles/Documents/GitHub/IH-labs/lab-bash$ find . -type f -name lorem*.*
./lorem/lorem.txt
./lorem-copy/lorem.txt
tgmiles@tgMilesPC:/mnt/c/Users/TgMiles/Documents/GitHub/IH-labs/lab-bash$ find . -type f -name lorem*.* | wc -l
2
tgmiles@tgMilesPC:/mnt/c/Users/TgMiles/Documents/GitHub/IH-labs/lab-bash$ read --h
-bash: read: --: invalid option
read: usage: read [-ers] [-a array] [-d delim] [-i text] [-n nchars] [-N nchars] [-p prompt] [-t timeout] [-u fd] [name ...]
tgmiles@tgMilesPC:/mnt/c/Users/TgMiles/Documents/GitHub/IH-labs/lab-bash$ read --help
read: read [-ers] [-a array] [-d delim] [-i text] [-n nchars] [-N nchars] [-p prompt] [-t timeout] [-u fd] [name ...]
    Read a line from the standard input and split it into fields.

    Reads a single line from the standard input, or from file descriptor FD
    if the -u option is supplied.  The line is split into fields as with word
    splitting, and the first word is assigned to the first NAME, the second
    word to the second NAME, and so on, with any leftover words assigned to
    the last NAME.  Only the characters found in $IFS are recognized as word
    delimiters.

    If no NAMEs are supplied, the line read is stored in the REPLY variable.

    Options:
      -a array  assign the words read to sequential indices of the array
                variable ARRAY, starting at zero
      -d delim  continue until the first character of DELIM is read, rather
                than newline
      -e        use Readline to obtain the line
      -i text   use TEXT as the initial text for Readline
      -n nchars return after reading NCHARS characters rather than waiting
                for a newline, but honor a delimiter if fewer than
                NCHARS characters are read before the delimiter
      -N nchars return only after reading exactly NCHARS characters, unless
                EOF is encountered or read times out, ignoring any
                delimiter
      -p prompt output the string PROMPT without a trailing newline before
                attempting to read
      -r        do not allow backslashes to escape any characters
      -s        do not echo input coming from a terminal
      -t timeout        time out and return failure if a complete line of
                input is not read within TIMEOUT seconds.  The value of the
                TMOUT variable is the default timeout.  TIMEOUT may be a
                fractional number.  If TIMEOUT is 0, read returns
                immediately, without trying to read any data, returning
                success only if input is available on the specified
                file descriptor.  The exit status is greater than 128
                if the timeout is exceeded
      -u fd     read from file descriptor FD instead of the standard input

    Exit Status:
    The return code is zero, unless end-of-file is encountered, read times out
    (in which case it's greater than 128), a variable assignment error occurs,
    or an invalid file descriptor is supplied as the argument to -u.
tgmiles@tgMilesPC:/mnt/c/Users/TgMiles/Documents/GitHub/IH-labs/lab-bash$ read name
Sebastian
tgmiles@tgMilesPC:/mnt/c/Users/TgMiles/Documents/GitHub/IH-labs/lab-bash$ echo $num

tgmiles@tgMilesPC:/mnt/c/Users/TgMiles/Documents/GitHub/IH-labs/lab-bash$ echo $name
Sebastian
tgmiles@tgMilesPC:/mnt/c/Users/TgMiles/Documents/GitHub/IH-labs/lab-bash$ mkdir $name
tgmiles@tgMilesPC:/mnt/c/Users/TgMiles/Documents/GitHub/IH-labs/lab-bash$ ls
Sebastian  exercices  inputs  lorem  lorem-copy  outputs  readme.md
tgmiles@tgMilesPC:/mnt/c/Users/TgMiles/Documents/GitHub/IH-labs/lab-bash$ rmdir $name
tgmiles@tgMilesPC:/mnt/c/Users/TgMiles/Documents/GitHub/IH-labs/lab-bash$
